{
    "auto_failback": false,
    "cluster_management_ip": "10.146.168.20",
    "cluster_name": "wojciechecosyshydha",
    "control_plane_vlan": {
        "name": "ha-cp-vlan",
        "tag": 100
    },
    "nodes": [
        {
            "name": "active-node",
            "control_plane_address": "10.146.168.21/16",
            "data_plane_primary_address": "10.3.0.10/16",
            "data_plane_secondary_address": ""
        },
        {
            "name": "standby-node",
            "control_plane_address": "10.146.168.22/16",
            "data_plane_primary_address": "10.3.0.11/16",
            "data_plane_secondary_address": ""
        }
    ],
    "standby_instance_id": "1fed35b2-914e-46c0-83b1-d76531570aa8",
    "data_plane_vlan": {
        "tag": 101,
        "name": "ha-dp-vlan",
        "NetworkInterface": "1.3"
    },
    "traffic_vlan": [
        {
            "name": "external-ha-vlan",
            "networkInterface": "1.1",
            "networkName": "LocalTestVLAN-115",
            "tag":150,
            "selfIps": [
                {
                    "address": "10.3.0.20/16",
                    "instanceName": "FLOATING-IP"
                },
                {
                    "address": "10.3.0.21/16",
                    "instanceName": "ACTIVE-NODE"
                },
                {
                    "address": "10.3.0.22/16",
                    "instanceName": "STANDBY-NODE"
                }
            ]
        },
        {
            "name": "internal-ha-vlan",
            "networkInterface": "1.2",
            "networkName": "LocalTestVLAN-114",
            "tag":160,
            "selfIps": [
                {
                    "address": "10.3.0.30/16",
                    "instanceName": "FLOATING-IP"
                },
                {
                    "address": "10.3.0.31/16",
                    "instanceName": "ACTIVE-NODE"
                },
                {
                    "address": "10.3.0.32/16",
                    "instanceName": "STANDBY-NODE"
                }
            ]
        }
    ]
}